44
5
5
44
5
1
44
5
2
44
5
3
44
5
4
44
5
5
44
5
6
44
5
7
