5
44
5
5
5
44
5
1
5
44
5
2
5
44
5
3
5
44
5
4
5
44
5
5
5
44
5
6
5
44
5
7
