'Running lazy function Dec with argument:'
200
199
'Running lazy function Inc with argument:'
100
101
