'Record Match'
a
'--------------------'
'OpenRecord Match'
b
'--------------------'
'Other Record Match'
b
'--------------------'
'Integer match'
2
'--------------------'
'Atom match'
none
'--------------------'
'String Match'
'--------------------'
'Nested OpenRecord match'
aa
c
'--------------------'
