'Turing'#'Alan'
'Doe'#'Jon'
'Hello '#'Mozart'
'Hello '#'Unknown'
