'Turing'#'Alan'
'Doe'#'Jon'
'Hello'#'Mozart'
0
1
'Hello'#'Unknown'
0
1
