'Transisitioned from '#1#' to '#2
'Transisitioned from '#2#' to '#3
