test
private
shhhh
private2
shhhh
otherwise
bla(hehe)
