echo(test)
test
'Multiple args possible'
echoall(first second third)
'First:'
first
