'and finished'
stopped
'and finished'
allOk
'and finished'
3
