hello
final
final
'caught error exception'
final
5
final
'error exception caught'
