_<optimized>
0
0
0|0|_
1
2
0
0
1
2
3
4
4
4
5
5
6
7
7
8
[0 0 1 2 3 4 4 4 5 5 6 7 7 8]
[0 0 1 2 3 4 4 4 5 5 6 7 7 8]
