500500
500500
920
1096
-6446
-2718
2360
-423
-2573
1455
3184
4494
