'------------------'
'--  TUPLESPACE  --'
'------------------'
foo(1)
bar(2)
car(5)
foo(1 2)
foo(1 2 3)
'-------------'
'--  QUEUE  --'
'-------------'
foo
bar
i(1)
i(2)
i(3)
i(4)
