'will put 1'
'did put 1'
'will take'#1
taken#1
'will take'#2
'did put '#2
'did put '#3
'did put '#4
taken#2
'will take'#3
taken#3
'will take'#4
taken#4
'will take'#5
'did put '#5
'did put '#6
'did put '#7
taken#5
'will take'#6
taken#6
'will take'#7
taken#7
'will take'#8
'did put '#8
'did put '#9
'did put '#10
taken#8
'will take'#9
taken#9
'will take'#10
taken#10
'will take'#11
'did put '#11
taken#11
