[2 3 4]
[2.5 3.5]
[3]
nil
[1.33333 2 3.33333 5.33333]
[1.33333 2 3.33333 5.33333]
[2.66667 4]
nil
