select(0)
select(0)
heap(0)
heap(0)
quick(0)
quick(0)
explicitQuick(0)
explicitQuick(0)
