[3 6 9 12 15 18 21 24 27 30]
xs#([1 0 1 0])
ys#([0 0 1 1])
zs#([0 0 1 0])
xor#([0 1 1 0])
c#([0 0 0 0 1 1 1 0 0 0 0 1 1 0])
di#([0 1 0 0 1 1 0 0 1 0 1 1 0 0])
doo#([0 1 0 0 0 0 0 0 1 0 1 1 1 0])
cin1#(0|1|0|1|0|1|0|1|0|1|0|1|0|1|0|1|0|1|...|...)
cout1#(0|1|1|0|0|1|1|0|0|1|1|0|0|1|1|0|0|1|...|...)
cin#(0|1|0|1|0|1|0|1|0|1|0|1|0|1|0|1|0|1|...|...)
cmid#(0|1|1|0|0|1|1|0|0|1|1|0|0|1|1|0|0|1|...|...)
cout#(0|1|1|1|1|0|0|0|0|1|1|1|1|0|0|0|0|1|...|...)
cout2#(0|1|1|1|1|1|1|1|1|0|0|0|0|0|0|0|0|1|...|...)
