inlist#(1|1|2|3|5|8|13|21|34|55|89|144|233|377|610|987|1597|2584|...|...)
memofix#7540113804746346429
naive#3524578
lazylist#3524578
trie#3524578
orf#3524578
